---
source: rapina/src/introspection/llms.rs
expression: output
---
# My API

Built with [Rapina](https://rapina.rs) v0.13.1.

## Routes

### POST /v1/users

Create user

Request (application/json):
```json
{
  "properties": {
    "email": {
      "type": "string"
    }
  },
  "type": "object"
}
```

Response:
```json
{
  "properties": {
    "id": {
      "type": "number"
    }
  },
  "type": "object"
}
```

Errors:
  - 409 CONFLICT: email already registered
